// Jest Snapshot v1, https://goo.gl/fbAQLP

exports[`Should render EditPage 1`] = `
<div>
  <div
    className="page-header"
  >
    <div
      className="content-container"
    >
      <h1
        className="page-header__title"
      >
        Edit expense
      </h1>
    </div>
  </div>
  <div
    className="content-container"
  >
    <ExpenseForm
      buttonText="Save changes"
      expense={
        Object {
          "amount": 100,
          "createdAt": 0,
          "description": "one",
          "id": "123",
        }
      }
      onSubmit={[Function]}
    />
    <button
      className="button button--secondary"
      onClick={[Function]}
    >
      Delete
    </button>
  </div>
</div>
`;
