// Jest Snapshot v1, https://goo.gl/fbAQLP

exports[`Should render ExpenseListItem from a test expense 1`] = `
<div>
  <[object Object]
    className="list-item"
    to="/edit/123"
  >
    <div
      className="list-item__title"
    >
      <h3>
        one
      </h3>
    </div>
    <div
      className="list-item__date"
    >
      <span>
        1st Jan, 1970
      </span>
    </div>
    <div
      className="list-item__amount"
    >
      <h3>
        £1.00
      </h3>
    </div>
  </[object Object]>
</div>
`;
